// Jest Snapshot v1, https://goo.gl/fbAQLP

exports[`renders correctly 1`] = `
ShallowWrapper {
  "length": 1,
  Symbol(enzyme.__root__): [Circular],
  Symbol(enzyme.__unrendered__): <Table />,
  Symbol(enzyme.__renderer__): Object {
    "batchedUpdates": [Function],
    "getNode": [Function],
    "render": [Function],
    "simulateEvent": [Function],
    "unmount": [Function],
  },
  Symbol(enzyme.__node__): Object {
    "instance": null,
    "key": undefined,
    "nodeType": "class",
    "props": Object {
      "alwaysShowPaginator": true,
      "autoLayout": false,
      "children": undefined,
      "className": null,
      "columnResizeMode": "fit",
      "compareSelectionBy": "deepEquals",
      "contextMenu": null,
      "csvSeparator": ",",
      "dataKey": null,
      "emptyMessage": "No records found",
      "expandedRows": null,
      "exportFilename": "download",
      "filters": null,
      "first": null,
      "footer": null,
      "footerColumnGroup": null,
      "frozenFooterColumnGroup": null,
      "frozenHeaderColumnGroup": null,
      "frozenValue": null,
      "frozenWidth": null,
      "globalFilter": null,
      "header": null,
      "headerColumnGroup": null,
      "id": null,
      "lazy": false,
      "loading": false,
      "loadingIcon": "fa-circle-o-notch",
      "metaKeySelection": true,
      "multiSortMeta": null,
      "onColReorder": null,
      "onColumnResizeEnd": null,
      "onContextMenuSelect": null,
      "onFilter": null,
      "onLazyLoad": null,
      "onPage": null,
      "onRowClick": null,
      "onRowCollapse": null,
      "onRowDoubleClick": null,
      "onRowExpand": null,
      "onRowReorder": null,
      "onRowSelect": null,
      "onRowToggle": null,
      "onRowUnselect": null,
      "onSelectionChange": null,
      "onSort": null,
      "pageLinkSize": 5,
      "paginator": false,
      "paginatorLeft": null,
      "paginatorPosition": "bottom",
      "paginatorRight": null,
      "paginatorTemplate": "FirstPageLink PrevPageLink PageLinks NextPageLink LastPageLink RowsPerPageDropdown",
      "reorderableColumns": false,
      "resizableColumns": false,
      "responsive": false,
      "rowClassName": null,
      "rowExpansionTemplate": null,
      "rowGroupFooterTemplate": null,
      "rowGroupHeaderTemplate": null,
      "rowGroupMode": null,
      "rows": null,
      "rowsPerPageOptions": null,
      "scrollHeight": null,
      "scrollable": false,
      "selection": null,
      "selectionMode": null,
      "sortField": null,
      "sortMode": "single",
      "sortOrder": null,
      "style": null,
      "tableClassName": null,
      "tableStyle": null,
      "totalRecords": null,
      "unfrozenWidth": null,
      "value": null,
      "virtualScroll": false,
      "virtualScrollDelay": 500,
    },
    "ref": [Function],
    "rendered": null,
    "type": [Function],
  },
  Symbol(enzyme.__nodes__): Array [
    Object {
      "instance": null,
      "key": undefined,
      "nodeType": "class",
      "props": Object {
        "alwaysShowPaginator": true,
        "autoLayout": false,
        "children": undefined,
        "className": null,
        "columnResizeMode": "fit",
        "compareSelectionBy": "deepEquals",
        "contextMenu": null,
        "csvSeparator": ",",
        "dataKey": null,
        "emptyMessage": "No records found",
        "expandedRows": null,
        "exportFilename": "download",
        "filters": null,
        "first": null,
        "footer": null,
        "footerColumnGroup": null,
        "frozenFooterColumnGroup": null,
        "frozenHeaderColumnGroup": null,
        "frozenValue": null,
        "frozenWidth": null,
        "globalFilter": null,
        "header": null,
        "headerColumnGroup": null,
        "id": null,
        "lazy": false,
        "loading": false,
        "loadingIcon": "fa-circle-o-notch",
        "metaKeySelection": true,
        "multiSortMeta": null,
        "onColReorder": null,
        "onColumnResizeEnd": null,
        "onContextMenuSelect": null,
        "onFilter": null,
        "onLazyLoad": null,
        "onPage": null,
        "onRowClick": null,
        "onRowCollapse": null,
        "onRowDoubleClick": null,
        "onRowExpand": null,
        "onRowReorder": null,
        "onRowSelect": null,
        "onRowToggle": null,
        "onRowUnselect": null,
        "onSelectionChange": null,
        "onSort": null,
        "pageLinkSize": 5,
        "paginator": false,
        "paginatorLeft": null,
        "paginatorPosition": "bottom",
        "paginatorRight": null,
        "paginatorTemplate": "FirstPageLink PrevPageLink PageLinks NextPageLink LastPageLink RowsPerPageDropdown",
        "reorderableColumns": false,
        "resizableColumns": false,
        "responsive": false,
        "rowClassName": null,
        "rowExpansionTemplate": null,
        "rowGroupFooterTemplate": null,
        "rowGroupHeaderTemplate": null,
        "rowGroupMode": null,
        "rows": null,
        "rowsPerPageOptions": null,
        "scrollHeight": null,
        "scrollable": false,
        "selection": null,
        "selectionMode": null,
        "sortField": null,
        "sortMode": "single",
        "sortOrder": null,
        "style": null,
        "tableClassName": null,
        "tableStyle": null,
        "totalRecords": null,
        "unfrozenWidth": null,
        "value": null,
        "virtualScroll": false,
        "virtualScrollDelay": 500,
      },
      "ref": [Function],
      "rendered": null,
      "type": [Function],
    },
  ],
  Symbol(enzyme.__options__): Object {
    "adapter": ReactSixteenAdapter {
      "options": Object {
        "enableComponentDidUpdateOnSetState": true,
      },
    },
  },
}
`;
