// Jest Snapshot v1, https://goo.gl/fbAQLP

exports[`renders correctly 1`] = `
ShallowWrapper {
  "length": 1,
  Symbol(enzyme.__root__): [Circular],
  Symbol(enzyme.__unrendered__): <Dropdown />,
  Symbol(enzyme.__renderer__): Object {
    "batchedUpdates": [Function],
    "getNode": [Function],
    "render": [Function],
    "simulateEvent": [Function],
    "unmount": [Function],
  },
  Symbol(enzyme.__node__): Object {
    "instance": null,
    "key": undefined,
    "nodeType": "class",
    "props": Object {
      "appendTo": null,
      "autoFocus": false,
      "autoWidth": true,
      "className": null,
      "dataKey": null,
      "disabled": false,
      "editable": false,
      "filter": false,
      "filterPlaceholder": null,
      "id": null,
      "inputId": null,
      "itemTemplate": null,
      "onChange": null,
      "onContextMenu": null,
      "onMouseDown": null,
      "optionLabel": null,
      "options": null,
      "panelClassName": null,
      "panelStyle": null,
      "placeholder": null,
      "required": false,
      "scrollHeight": "200px",
      "showClear": false,
      "style": null,
      "tabIndex": null,
      "value": null,
    },
    "ref": null,
    "rendered": null,
    "type": [Function],
  },
  Symbol(enzyme.__nodes__): Array [
    Object {
      "instance": null,
      "key": undefined,
      "nodeType": "class",
      "props": Object {
        "appendTo": null,
        "autoFocus": false,
        "autoWidth": true,
        "className": null,
        "dataKey": null,
        "disabled": false,
        "editable": false,
        "filter": false,
        "filterPlaceholder": null,
        "id": null,
        "inputId": null,
        "itemTemplate": null,
        "onChange": null,
        "onContextMenu": null,
        "onMouseDown": null,
        "optionLabel": null,
        "options": null,
        "panelClassName": null,
        "panelStyle": null,
        "placeholder": null,
        "required": false,
        "scrollHeight": "200px",
        "showClear": false,
        "style": null,
        "tabIndex": null,
        "value": null,
      },
      "ref": null,
      "rendered": null,
      "type": [Function],
    },
  ],
  Symbol(enzyme.__options__): Object {
    "adapter": ReactSixteenAdapter {
      "options": Object {
        "enableComponentDidUpdateOnSetState": true,
      },
    },
  },
}
`;
