// Jest Snapshot v1, https://goo.gl/fbAQLP

exports[`renders correctly 1`] = `
ShallowWrapper {
  "length": 1,
  Symbol(enzyme.__root__): [Circular],
  Symbol(enzyme.__unrendered__): <Column />,
  Symbol(enzyme.__renderer__): Object {
    "batchedUpdates": [Function],
    "getNode": [Function],
    "render": [Function],
    "simulateEvent": [Function],
    "unmount": [Function],
  },
  Symbol(enzyme.__node__): Object {
    "instance": null,
    "key": undefined,
    "nodeType": "class",
    "props": Object {
      "body": null,
      "children": undefined,
      "className": null,
      "colSpan": null,
      "columnKey": null,
      "editor": null,
      "editorValidator": null,
      "expander": false,
      "field": null,
      "filter": false,
      "filterElement": null,
      "filterFunction": null,
      "filterMatchMode": "startsWith",
      "filterMaxLength": null,
      "filterPlaceholder": null,
      "filterType": "text",
      "footer": null,
      "frozen": false,
      "header": null,
      "rowReorder": false,
      "rowReorderIcon": "fa fa-bars",
      "rowSpan": null,
      "selectionMode": null,
      "sortField": null,
      "sortFunction": null,
      "sortable": false,
      "style": null,
    },
    "ref": null,
    "rendered": null,
    "type": [Function],
  },
  Symbol(enzyme.__nodes__): Array [
    Object {
      "instance": null,
      "key": undefined,
      "nodeType": "class",
      "props": Object {
        "body": null,
        "children": undefined,
        "className": null,
        "colSpan": null,
        "columnKey": null,
        "editor": null,
        "editorValidator": null,
        "expander": false,
        "field": null,
        "filter": false,
        "filterElement": null,
        "filterFunction": null,
        "filterMatchMode": "startsWith",
        "filterMaxLength": null,
        "filterPlaceholder": null,
        "filterType": "text",
        "footer": null,
        "frozen": false,
        "header": null,
        "rowReorder": false,
        "rowReorderIcon": "fa fa-bars",
        "rowSpan": null,
        "selectionMode": null,
        "sortField": null,
        "sortFunction": null,
        "sortable": false,
        "style": null,
      },
      "ref": null,
      "rendered": null,
      "type": [Function],
    },
  ],
  Symbol(enzyme.__options__): Object {
    "adapter": ReactSixteenAdapter {
      "options": Object {
        "enableComponentDidUpdateOnSetState": true,
      },
    },
  },
}
`;
